re ad
ad just
re ad just
